<area shape="rect" href="$_lib_system_8h.html" title="LibSystem class definition. &#160;&#160;Author: Michael Gell (Student Number: 30276096) &#160;&#160;Modified:..." alt="" coords="264,80,832,107">
<area shape="rect" href="$_lib_system_8cpp.html" title="LibSystem class implementation &#160;&#160;Author: Michael Gell (Student Number: 30276096)..." alt="" coords="565,155,1179,181">
<area shape="rect" href="$_loans_loader_8h.html" title="LoansLoader class definition. &#160;&#160;Author: Michael Gell (Student Number: 30276096) ..." alt="" coords="907,80,1485,107">
<area shape="rect" href="$_loans_loader_8cpp.html" title="LoansLoader class implementation &#160;&#160;Author: Michael Gell (Student Number: 30276096)..." alt="" coords="1205,155,1832,181">
<area shape="rect" href="$_book_loan_8cpp.html" title="BookLoan class implementation &#160;&#160;Author: Michael Gell (Student Number: 30276096) ..." alt="" coords="1560,80,2171,107">
<area shape="rect" href="$main_8cpp.html" title="Entry point to the program &#160;&#160;Author: Michael Gell (Student Number: 30276096) &#160;&#160;Modified:..." alt="" coords="5,155,541,181">
