<area shape="rect" href="$_book_loan_8h.html" title="BookLoan class definition. &#160;&#160;Author: Michael Gell (Student Number: 30276096) &#160;&#160;Modified:..." alt="" coords="915,80,1477,107">
<area shape="rect" href="$_date_8cpp.html" title="Date class implementation &#160;&#160;Author: Michael Gell (Student Number: 30276096) &#160;&#160;Modified:..." alt="" coords="1501,80,2080,107">
<area shape="rect" href="$_lib_system_8h.html" title="LibSystem class definition. &#160;&#160;Author: Michael Gell (Student Number: 30276096) &#160;&#160;Modified:..." alt="" coords="264,155,832,181">
<area shape="rect" href="$_lib_system_8cpp.html" title="LibSystem class implementation &#160;&#160;Author: Michael Gell (Student Number: 30276096)..." alt="" coords="565,229,1179,256">
<area shape="rect" href="$_loans_loader_8h.html" title="LoansLoader class definition. &#160;&#160;Author: Michael Gell (Student Number: 30276096) ..." alt="" coords="907,155,1485,181">
<area shape="rect" href="$_loans_loader_8cpp.html" title="LoansLoader class implementation &#160;&#160;Author: Michael Gell (Student Number: 30276096)..." alt="" coords="1205,229,1832,256">
<area shape="rect" href="$_book_loan_8cpp.html" title="BookLoan class implementation &#160;&#160;Author: Michael Gell (Student Number: 30276096) ..." alt="" coords="1560,155,2171,181">
<area shape="rect" href="$main_8cpp.html" title="Entry point to the program &#160;&#160;Author: Michael Gell (Student Number: 30276096) &#160;&#160;Modified:..." alt="" coords="5,229,541,256">
