<area shape="rect" href="$_lib_system_8h.html" title="LibSystem class definition. &#160;&#160;Author: Michael Gell (Student Number: 30276096) &#160;&#160;Modified:..." alt="" coords="531,80,648,107">
<area shape="rect" href="$_book_type_8h.html" title="BookType class definition. &#160;&#160;Author: Michael Gell (Student Number: 30276096) &#160;&#160;Modified:..." alt="" coords="204,229,316,256">
<area shape="rect" href="$_book_loan_8h.html" title="BookLoan class definition. &#160;&#160;Author: Michael Gell (Student Number: 30276096) &#160;&#160;Modified:..." alt="" coords="505,155,617,181">
<area shape="rect" href="$_member_type_8h.html" title="MemberType class definition. &#160;&#160;Author: Michael Gell (Student Number: 30276096) &#160;..." alt="" coords="916,229,1047,256">
<area shape="rect" href="$_binary_search_tree_8h.html" title="BinarySearchTree class definition and implementation &#160;&#160;Author: Michael Gell (Student..." alt="" coords="656,155,813,181">
<area shape="rect" href="$_simple_binary_tree_8h.html" title="SimpleBinaryTree class definition and implementation &#160;&#160;Author: Michael Gell (Student..." alt="" coords="1441,229,1599,256">
<area shape="rect" href="$_books_loader_8h.html" title="BooksLoader class &#45; definition &#160;&#160;Author: Michael Gell (Student Number: 30276096)..." alt="" coords="1363,155,1493,181">
<area shape="rect" href="$_loans_loader_8h.html" title="LoansLoader class definition. &#160;&#160;Author: Michael Gell (Student Number: 30276096) ..." alt="" coords="1040,80,1168,107">
<area shape="rect" href="$_members_loader_8h.html" title="MembersLoader class definition. &#160;&#160;Author: Michael Gell (Student Number: 30276096)..." alt="" coords="1141,155,1288,181">
<area shape="rect" href="$_searchable_8h.html" title="Searchable class definition. &#160;&#160;Author: Michael Gell (Student Number: 30276096) &#160;..." alt="" coords="344,304,464,331">
<area shape="rect" href="$_date_8h.html" title="Date class &#45; definition &#160;&#160;Author: Michael Gell (Student Number: 30276096) &#160;Modified:..." alt="" coords="441,229,524,256">
