<area shape="rect" href="$_data_manip_8h.html" title="DataManip class definition, contains some static helper methods for string manipulation..." alt="" coords="229,229,347,256">
<area shape="rect" href="$_read_csv_8h.html" title="ReadCsv class definition, reads a file of csv data into a 2D vector of strings. ..." alt="" coords="328,80,435,107">
<area shape="rect" href="$_loans_loader_8h.html" title="LoansLoader class definition. &#160;&#160;Author: Michael Gell (Student Number: 30276096) ..." alt="" coords="459,80,587,107">
<area shape="rect" href="$_book_loan_8h.html" title="BookLoan class definition. &#160;&#160;Author: Michael Gell (Student Number: 30276096) &#160;&#160;Modified:..." alt="" coords="557,155,669,181">
<area shape="rect" href="$_searchable_8h.html" title="Searchable class definition. &#160;&#160;Author: Michael Gell (Student Number: 30276096) &#160;..." alt="" coords="675,304,795,331">
<area shape="rect" href="$_book_type_8h.html" title="BookType class definition. &#160;&#160;Author: Michael Gell (Student Number: 30276096) &#160;&#160;Modified:..." alt="" coords="632,229,744,256">
<area shape="rect" href="$_date_8h.html" title="Date class &#45; definition &#160;&#160;Author: Michael Gell (Student Number: 30276096) &#160;Modified:..." alt="" coords="525,229,608,256">
