<area shape="rect" href="$_lib_system_8h.html" title="LibSystem class definition. &#160;&#160;Author: Michael Gell (Student Number: 30276096) &#160;&#160;Modified:..." alt="" coords="261,80,829,107">
<area shape="rect" href="$_lib_system_8cpp.html" title="LibSystem class implementation &#160;&#160;Author: Michael Gell (Student Number: 30276096)..." alt="" coords="565,155,1179,181">
<area shape="rect" href="$_members_loader_8h.html" title="MembersLoader class definition. &#160;&#160;Author: Michael Gell (Student Number: 30276096)..." alt="" coords="904,80,1504,107">
<area shape="rect" href="$_members_loader_8cpp.html" title="MembersLoader class implementation &#160;&#160;Author: Michael Gell (Student Number: 30276096)..." alt="" coords="1208,155,1853,181">
<area shape="rect" href="$_member_type_8cpp.html" title="MemberType class implementation &#160;&#160;Author: Michael Gell (Student Number: 30276096)..." alt="" coords="1579,80,2205,107">
<area shape="rect" href="$main_8cpp.html" title="Entry point to the program &#160;&#160;Author: Michael Gell (Student Number: 30276096) &#160;&#160;Modified:..." alt="" coords="5,155,541,181">
