<area shape="rect" href="$_binary_search_tree_8h.html" title="BinarySearchTree class definition and implementation &#160;&#160;Author: Michael Gell (Student..." alt="" coords="2096,155,2704,181">
<area shape="rect" href="$_book_loan_8h.html" title="BookLoan class definition. &#160;&#160;Author: Michael Gell (Student Number: 30276096) &#160;&#160;Modified:..." alt="" coords="1161,155,1724,181">
<area shape="rect" href="$_book_type_8h.html" title="BookType class definition. &#160;&#160;Author: Michael Gell (Student Number: 30276096) &#160;&#160;Modified:..." alt="" coords="2453,80,3016,107">
<area shape="rect" href="$_searchable_8cpp.html" title="Searchable class implementation &#160;&#160;Author: Michael Gell (Student Number: 30276096)..." alt="" coords="3040,80,3656,107">
<area shape="rect" href="$_lib_system_8h.html" title="LibSystem class definition. &#160;&#160;Author: Michael Gell (Student Number: 30276096) &#160;&#160;Modified:..." alt="" coords="1480,229,2048,256">
<area shape="rect" href="$_lib_system_8cpp.html" title="LibSystem class implementation &#160;&#160;Author: Michael Gell (Student Number: 30276096)..." alt="" coords="2257,304,2871,331">
<area shape="rect" href="$_binary_search_tree_8cpp.html" title="C:/Users/Mike/Dropbox/uni/ict209/assignment 2/assignmentTwo/LibrarySystem/source/BinarySearchTree.cpp" alt="" coords="2072,229,2728,256">
<area shape="rect" href="$main_8cpp.html" title="Entry point to the program &#160;&#160;Author: Michael Gell (Student Number: 30276096) &#160;&#160;Modified:..." alt="" coords="1496,304,2032,331">
<area shape="rect" href="$_loans_loader_8h.html" title="LoansLoader class definition. &#160;&#160;Author: Michael Gell (Student Number: 30276096) ..." alt="" coords="192,229,771,256">
<area shape="rect" href="$_loans_loader_8cpp.html" title="LoansLoader class implementation &#160;&#160;Author: Michael Gell (Student Number: 30276096)..." alt="" coords="5,304,632,331">
<area shape="rect" href="$_book_loan_8cpp.html" title="BookLoan class implementation &#160;&#160;Author: Michael Gell (Student Number: 30276096) ..." alt="" coords="795,229,1405,256">
<area shape="rect" href="$_books_loader_8h.html" title="BooksLoader class &#45; definition &#160;&#160;Author: Michael Gell (Student Number: 30276096)..." alt="" coords="3413,155,3995,181">
<area shape="rect" href="$_books_loader_8cpp.html" title="BooksLoader class implementation &#160;&#160;Author: Michael Gell (Student Number: 30276096)..." alt="" coords="3555,229,4181,256">
<area shape="rect" href="$_book_type_8cpp.html" title="BookType class implementation &#160;&#160;Author: Michael Gell (Student Number: 30276096) ..." alt="" coords="2779,155,3389,181">
