<area shape="rect" href="$_binary_search_tree_8h.html" title="BinarySearchTree class definition and implementation &#160;&#160;Author: Michael Gell (Student..." alt="" coords="520,80,1128,107">
<area shape="rect" href="$_lib_system_8cpp.html" title="LibSystem class implementation &#160;&#160;Author: Michael Gell (Student Number: 30276096)..." alt="" coords="565,229,1179,256">
<area shape="rect" href="$_binary_search_tree_8cpp.html" title="C:/Users/Mike/Dropbox/uni/ict209/assignment 2/assignmentTwo/LibrarySystem/source/BinarySearchTree.cpp" alt="" coords="771,155,1427,181">
<area shape="rect" href="$_simple_binary_tree_8cpp.html" title="SimpleBinaryTree class implementation &#160;&#160;Author: Michael Gell (Student Number: 30276096)..." alt="" coords="1501,80,2155,107">
<area shape="rect" href="$_lib_system_8h.html" title="LibSystem class definition. &#160;&#160;Author: Michael Gell (Student Number: 30276096) &#160;&#160;Modified:..." alt="" coords="128,155,696,181">
<area shape="rect" href="$main_8cpp.html" title="Entry point to the program &#160;&#160;Author: Michael Gell (Student Number: 30276096) &#160;&#160;Modified:..." alt="" coords="5,229,541,256">
