<area shape="rect" href="$class_lib_system.html#f00bf5a490668132905324f3121d409a" title="Returns a count of the number of books that are not currently on loan. &#160;." alt="" coords="263,56,436,83">
<area shape="rect" href="$class_date.html#2f2c1f3c4502cf01991dc0fe2e16e343" title="Get the month (1 &#45; 12) ." alt="" coords="293,208,405,235">
<area shape="rect" href="$class_member_type.html#754c56afdaaf759040bec720c28fd71d" title="Get the user ID of this member. &#160;." alt="" coords="269,259,429,285">
<area shape="rect" href="$class_binary_search_tree.html#8af4c457dc3d7379dc19611fc99d12d8" title="Insert the given item into the search tree, creating a new node if successful, but..." alt="" coords="268,309,431,336">
<area shape="rect" href="$class_lib_system.html#8093a0542e1bfa8614541d35fea2becd" title="Given the ISBN of a book, returns true if that book is currently on loan (to any..." alt="" coords="277,157,421,184">
<area shape="rect" href="$class_lib_system.html#b3f7177e44264cb95fef3b1b879e5d14" title="Print all books that are not currently on loan. &#160;." alt="" coords="259,107,440,133">
<area shape="rect" href="$class_book_loan.html#d7ae23dd0141f2eff5e5879b2209fe7e" title="Provide the ISBN of the book that is loaned. &#160;." alt="" coords="267,360,432,387">
<area shape="rect" href="$class_book_loan.html#a4a6198c49f0d5622c91deb9416ef215" title="Set date the book was borrowed. &#160;." alt="" coords="256,411,443,437">
<area shape="rect" href="$class_book_loan.html#ddea27c4f0f877c2ea51ef0dc0e63fa8" title="Set the date the book is due back. &#160;." alt="" coords="272,461,427,488">
<area shape="rect" href="$class_date.html#88b572a29344da4c82c1c7f21422d205" title="Set the month (1 &#45; 12) ." alt="" coords="540,512,652,539">
<area shape="rect" href="$class_book_loan.html#81a395a8d0a6348310a6cd7876770a8d" title="Provide the ID of the patron who borrowed the book. &#160;." alt="" coords="273,613,425,640">
<area shape="rect" href="$class_lib_system.html#6bec5a27e97c20d85f28377a91bd4622" title="Set the given date to today&#39;s date. &#160;." alt="" coords="271,563,428,589">
<area shape="rect" href="$class_book_type.html#aff8e706d33b95d77c41e7553d9f4a9a" title="Get the ISBN of the book. &#160;." alt="" coords="532,5,660,32">
<area shape="rect" href="$class_binary_search_tree.html#600738314273351241d5bc243e98453b" title="Perform an in&#45;order traversal of the tree, outputting its contents to the given vector..." alt="" coords="492,56,700,83">
<area shape="rect" href="$class_simple_binary_tree.html#2939278e6a7cec90fe93f4cc0c5ac0a1" title="Returns true if the binary tree is empty. &#160;." alt="" coords="507,107,685,133">
<area shape="rect" href="$class_binary_search_tree.html#fcb995deec5a206a39563ce9c342356b" title="Search the binary search tree, using the given search key (long), returns true if..." alt="" coords="491,157,701,184">
<area shape="rect" href="$class_binary_search_tree.html#e5da45cb2986cd9b4194fc8b662820b8" title="Perform an in&#45;order traversal, printing each node to a T vector. &#160;." alt="" coords="749,56,973,83">
<area shape="rect" href="$class_book_type.html#c47ad9da4fe22819463968c9c292a43b" title="Get the title of the book. &#160;." alt="" coords="532,208,660,235">
<area shape="rect" href="$class_date.html#1d0a6b65d364b83734014fe228ae669b" title="Check if the day of the month is valid for the given month ." alt="" coords="803,537,920,564">
<area shape="rect" href="$class_date.html#c9573457018a83e2f67674a93de329a6" title="Set the day of the month (1 &#45; 31) ." alt="" coords="523,563,669,589">
<area shape="rect" href="$class_date.html#3178b230142da361966f28a86345d654" title="Set the year ." alt="" coords="544,613,648,640">
