<area shape="rect" href="$class_date.html#5a6d0b1d3760d3cc447c0caf22f31068" title="Get the day of the month (1 &#45; 31) ." alt="" coords="165,5,315,32">
<area shape="rect" href="$class_date.html#2f2c1f3c4502cf01991dc0fe2e16e343" title="Get the month (1 &#45; 12) ." alt="" coords="184,56,296,83">
<area shape="rect" href="$class_date.html#fd9af627dd2617da9baa066adf552248" title="Get the year ." alt="" coords="188,107,292,133">
<area shape="rect" href="$class_date.html#c9573457018a83e2f67674a93de329a6" title="Set the day of the month (1 &#45; 31) ." alt="" coords="167,157,313,184">
<area shape="rect" href="$class_date.html#88b572a29344da4c82c1c7f21422d205" title="Set the month (1 &#45; 12) ." alt="" coords="184,208,296,235">
<area shape="rect" href="$class_date.html#3178b230142da361966f28a86345d654" title="Set the year ." alt="" coords="188,259,292,285">
<area shape="rect" href="$class_date.html#1d0a6b65d364b83734014fe228ae669b" title="Check if the day of the month is valid for the given month ." alt="" coords="364,183,481,209">
