<area shape="rect" href="$class_read_csv.html#3beac06d44a303540a4aa5ed17c5d1c7" title="Read a file of csv data into a 2D vector of strings. &#160;." alt="" coords="260,5,369,32">
<area shape="rect" href="$class_book_loan.html#d7ae23dd0141f2eff5e5879b2209fe7e" title="Provide the ISBN of the book that is loaned. &#160;." alt="" coords="232,56,397,83">
<area shape="rect" href="$class_book_loan.html#a4a6198c49f0d5622c91deb9416ef215" title="Set date the book was borrowed. &#160;." alt="" coords="221,107,408,133">
<area shape="rect" href="$class_date.html#c9573457018a83e2f67674a93de329a6" title="Set the day of the month (1 &#45; 31) ." alt="" coords="241,157,388,184">
<area shape="rect" href="$class_book_loan.html#ddea27c4f0f877c2ea51ef0dc0e63fa8" title="Set the date the book is due back. &#160;." alt="" coords="237,208,392,235">
<area shape="rect" href="$class_date.html#88b572a29344da4c82c1c7f21422d205" title="Set the month (1 &#45; 12) ." alt="" coords="259,259,371,285">
<area shape="rect" href="$class_book_loan.html#81a395a8d0a6348310a6cd7876770a8d" title="Provide the ID of the patron who borrowed the book. &#160;." alt="" coords="239,309,391,336">
<area shape="rect" href="$class_date.html#3178b230142da361966f28a86345d654" title="Set the year ." alt="" coords="263,360,367,387">
<area shape="rect" href="$class_date.html#1d0a6b65d364b83734014fe228ae669b" title="Check if the day of the month is valid for the given month ." alt="" coords="457,208,575,235">
