<area shape="rect" href="$class_simple_binary_tree.html#7b9c6377beeee63792bb90c22b89e776" title="Deallocate each node, set root = null. &#160;." alt="" coords="251,5,451,32">
<area shape="rect" href="$class_simple_binary_tree.html#211eaa2cf599ab72e8848307175616d9" title="Assignment Operator override. &#160;." alt="" coords="257,56,444,83">
<area shape="rect" href="$class_simple_binary_tree.html#9d3878c80dcd0faf6e7a58b1301b4336" title="Virtual Destructor. &#160;." alt="" coords="231,107,471,133">
<area shape="rect" href="$class_lib_system.html#6799a8a3fb8edac81186413ab7f0bc50" title="Initialize the library system, optionally restoring default settings. &#160;." alt="" coords="521,5,628,32">
<area shape="rect" href="$main_8cpp.html#e66f6b31b5ad750f1fe042a706a4e3d4" title="main" alt="" coords="1095,5,1143,32">
<area shape="rect" href="$class_lib_system.html#6d2e86f74eed0eb80710bb549bbd8a92" title="Respond to the user&#39;s choice of main menu option. &#160;." alt="" coords="679,31,887,57">
<area shape="rect" href="$class_lib_system.html#bcc248ccc9e9953047534ba330a259b9" title="Run the library system. &#160;." alt="" coords="936,31,1045,57">
