<area shape="rect" href="$class_member_type.html#8672eac98e3852ae8b40459a56eaaf3c" title="Copy method. &#160;." alt="" coords="237,183,371,209">
<area shape="rect" href="$class_member_type.html#9dda0c39b5ffd9ae33d8ea572bd74376" title="Reset method. &#160;." alt="" coords="235,233,373,260">
<area shape="rect" href="$class_member_type.html#bcecfc2ea8580ea5d560839cb6ce328e" title="Get whether this Member is staff or a patron of the Library. &#160;." alt="" coords="427,5,600,32">
<area shape="rect" href="$class_member_type.html#32ae50b9a1c3bac88e355f2f74e91626" title="Get the first name of this member. &#160;." alt="" coords="423,56,604,83">
<area shape="rect" href="$class_member_type.html#214233621270d1aaffc071fd72484fb3" title="Get the last name of this member. &#160;." alt="" coords="423,107,604,133">
<area shape="rect" href="$class_member_type.html#754c56afdaaf759040bec720c28fd71d" title="Get the user ID of this member. &#160;." alt="" coords="433,157,593,184">
<area shape="rect" href="$class_member_type.html#f7055e4911402871e01bab6f1127af5a" title="Set whether this Member is staff or a patron of the Library. &#160;." alt="" coords="427,208,600,235">
<area shape="rect" href="$class_member_type.html#d0e52304e545afd89fce9e2a51743357" title="Set the first name of this Member. &#160;." alt="" coords="423,259,604,285">
<area shape="rect" href="$class_member_type.html#e233351ae0e357aa5e934d25e7e0fb5c" title="Set the last name of this Member. &#160;." alt="" coords="423,309,604,336">
<area shape="rect" href="$class_member_type.html#f9f147795927b0ae56239b722ee42a68" title="Set the user ID of this Member. &#160;." alt="" coords="433,360,593,387">
