<area shape="rect" href="$class_book_loan.html#f74985c11c53371dcce6dee819573cfe" title="Copy method. &#160;." alt="" coords="197,183,315,209">
<area shape="rect" href="$class_book_loan.html#56413b7fd297ca954a44e8dc68bbf05b" title="Get the ISBN of the book that is loaned. &#160;." alt="" coords="373,5,539,32">
<area shape="rect" href="$class_book_loan.html#236b8466dfe3de11a32fc2f90123c77a" title="Get date the book was borrowed. &#160;." alt="" coords="363,56,549,83">
<area shape="rect" href="$class_book_loan.html#dd37f13390b48f9db2f256e22c35e74b" title="Get the date the book is due back. &#160;." alt="" coords="379,107,533,133">
<area shape="rect" href="$class_book_loan.html#af42c32ad7861f51e167a80b49b2cce1" title="Get the ID of the patron who borrowed the book. &#160;." alt="" coords="380,157,532,184">
<area shape="rect" href="$class_book_loan.html#d7ae23dd0141f2eff5e5879b2209fe7e" title="Provide the ISBN of the book that is loaned. &#160;." alt="" coords="373,208,539,235">
<area shape="rect" href="$class_book_loan.html#a4a6198c49f0d5622c91deb9416ef215" title="Set date the book was borrowed. &#160;." alt="" coords="363,259,549,285">
<area shape="rect" href="$class_book_loan.html#ddea27c4f0f877c2ea51ef0dc0e63fa8" title="Set the date the book is due back. &#160;." alt="" coords="379,309,533,336">
<area shape="rect" href="$class_book_loan.html#81a395a8d0a6348310a6cd7876770a8d" title="Provide the ID of the patron who borrowed the book. &#160;." alt="" coords="380,360,532,387">
