<area shape="rect" href="$class_binary_search_tree.html" title="A templated tree to perform a binary search, with some extra features to search by..." alt="" coords="235,597,389,933">
<area shape="rect" href="$class_simple_binary_tree.html" title="{SimpleBinaryTree\&lt; BookLoan \&gt;\n|# root\l|+ SimpleBinaryTree()\l+ SimpleBinaryTree()\l+ ~SimpleBinaryTree()\l+ operator=()\l+ isEmpty()\l+ inOrderTraversal()\l+ preOrderTraversal()\l+ postOrderTraversal()\l+ treeHeight()\l+ treeNodeCount()\l+ treeLeavesCount()\l+ destroyTree()\l+ searchByKey()\l+ search()\l+ insert()\l+ deleteNode()\l&#45; copyTree()\l&#45; destroy()\l&#45; inOrder()\l&#45; preOrder()\l&#45; postOrder()\l&#45; height()\l&#45; max()\l&#45; nodeCount()\l&#45; leavesCount()\l}" alt="" coords="5,533,211,997">
<area shape="rect" href="$class_simple_binary_tree.html" title="{SimpleBinaryTree\&lt; BookType \&gt;\n|# root\l|+ SimpleBinaryTree()\l+ SimpleBinaryTree()\l+ ~SimpleBinaryTree()\l+ operator=()\l+ isEmpty()\l+ inOrderTraversal()\l+ preOrderTraversal()\l+ postOrderTraversal()\l+ treeHeight()\l+ treeNodeCount()\l+ treeLeavesCount()\l+ destroyTree()\l+ searchByKey()\l+ search()\l+ insert()\l+ deleteNode()\l&#45; copyTree()\l&#45; destroy()\l&#45; inOrder()\l&#45; preOrder()\l&#45; postOrder()\l&#45; height()\l&#45; max()\l&#45; nodeCount()\l&#45; leavesCount()\l}" alt="" coords="413,533,619,997">
<area shape="rect" href="$class_binary_search_tree.html" title="{BinarySearchTree\&lt; BookLoan \&gt;\n||+ BinarySearchTree()\l+ BinarySearchTree()\l+ ~BinarySearchTree()\l+ operator=()\l+ search()\l+ getNodeValue()\l+ searchByKey()\l+ replaceNode()\l+ insert()\l+ deleteNode()\l+ inOrderDump()\l+ preOrderDump()\l+ postOrderDump()\l&#45; deleteFromTree()\l&#45; fillVectorInOrder()\l&#45; fillVectorPreOrder()\l&#45; fillVectorPostOrder()\l}" alt="" coords="76,1061,281,1397">
<area shape="rect" href="$class_binary_search_tree.html" title="{BinarySearchTree\&lt; BookType \&gt;\n||+ BinarySearchTree()\l+ BinarySearchTree()\l+ ~BinarySearchTree()\l+ operator=()\l+ search()\l+ getNodeValue()\l+ searchByKey()\l+ replaceNode()\l+ insert()\l+ deleteNode()\l+ inOrderDump()\l+ preOrderDump()\l+ postOrderDump()\l&#45; deleteFromTree()\l&#45; fillVectorInOrder()\l&#45; fillVectorPreOrder()\l&#45; fillVectorPostOrder()\l}" alt="" coords="347,1061,552,1397">
