<area shape="rect" href="$class_binary_search_tree.html" title="{BinarySearchTree\&lt; BookLoan \&gt;\n||+ BinarySearchTree()\l+ BinarySearchTree()\l+ ~BinarySearchTree()\l+ operator=()\l+ search()\l+ getNodeValue()\l+ searchByKey()\l+ replaceNode()\l+ insert()\l+ deleteNode()\l+ inOrderDump()\l+ preOrderDump()\l+ postOrderDump()\l&#45; deleteFromTree()\l&#45; fillVectorInOrder()\l&#45; fillVectorPreOrder()\l&#45; fillVectorPostOrder()\l}" alt="" coords="68,2109,273,2445">
<area shape="rect" href="$class_simple_binary_tree.html" title="{SimpleBinaryTree\&lt; BookLoan \&gt;\n|# root\l|+ SimpleBinaryTree()\l+ SimpleBinaryTree()\l+ ~SimpleBinaryTree()\l+ operator=()\l+ isEmpty()\l+ inOrderTraversal()\l+ preOrderTraversal()\l+ postOrderTraversal()\l+ treeHeight()\l+ treeNodeCount()\l+ treeLeavesCount()\l+ destroyTree()\l+ searchByKey()\l+ search()\l+ insert()\l+ deleteNode()\l&#45; copyTree()\l&#45; destroy()\l&#45; inOrder()\l&#45; preOrder()\l&#45; postOrder()\l&#45; height()\l&#45; max()\l&#45; nodeCount()\l&#45; leavesCount()\l}" alt="" coords="5,1573,211,2037">
<area shape="rect" href="$structnode_type.html" title="{nodeType\&lt; BookLoan \&gt;\n|+ data\l+ left\l+ right\l|}" alt="" coords="24,1221,184,1333">
<area shape="rect" href="$class_book_loan.html" title="Stores information about a book on loan to a library patron." alt="" coords="35,493,173,893">
<area shape="rect" href="$class_searchable.html" title="This is an interface to provide a (long) variable to use as a search key." alt="" coords="188,93,303,237">
<area shape="rect" href="$class_book_type.html" title="Stores information about a book in the library system." alt="" coords="416,405,616,981">
<area shape="rect" href="$class_date.html" title="Stores dd mm yyyy (all unsigned int values)." alt="" coords="31,5,164,325">
<area shape="rect" href="$structnode_type.html" title="A node struct, containing the data (T) and left / right subtrees as nodeType&lt;T&gt;..." alt="" coords="285,637,392,749">
<area shape="rect" href="$structnode_type.html" title="{nodeType\&lt; BookType \&gt;\n|+ data\l+ left\l+ right\l|}" alt="" coords="436,1221,596,1333">
<area shape="rect" href="$class_simple_binary_tree.html" title="A templated binary tree." alt="" coords="257,1045,412,1509">
<area shape="rect" href="$class_binary_search_tree.html" title="A templated tree to perform a binary search, with some extra features to search by..." alt="" coords="235,1637,389,1973">
<area shape="rect" href="$class_simple_binary_tree.html" title="{SimpleBinaryTree\&lt; BookType \&gt;\n|# root\l|+ SimpleBinaryTree()\l+ SimpleBinaryTree()\l+ ~SimpleBinaryTree()\l+ operator=()\l+ isEmpty()\l+ inOrderTraversal()\l+ preOrderTraversal()\l+ postOrderTraversal()\l+ treeHeight()\l+ treeNodeCount()\l+ treeLeavesCount()\l+ destroyTree()\l+ searchByKey()\l+ search()\l+ insert()\l+ deleteNode()\l&#45; copyTree()\l&#45; destroy()\l&#45; inOrder()\l&#45; preOrder()\l&#45; postOrder()\l&#45; height()\l&#45; max()\l&#45; nodeCount()\l&#45; leavesCount()\l}" alt="" coords="413,1573,619,2037">
<area shape="rect" href="$class_binary_search_tree.html" title="{BinarySearchTree\&lt; BookType \&gt;\n||+ BinarySearchTree()\l+ BinarySearchTree()\l+ ~BinarySearchTree()\l+ operator=()\l+ search()\l+ getNodeValue()\l+ searchByKey()\l+ replaceNode()\l+ insert()\l+ deleteNode()\l+ inOrderDump()\l+ preOrderDump()\l+ postOrderDump()\l&#45; deleteFromTree()\l&#45; fillVectorInOrder()\l&#45; fillVectorPreOrder()\l&#45; fillVectorPostOrder()\l}" alt="" coords="297,2109,503,2445">
<area shape="rect" href="$class_member_type.html" title="Stores information about a user (staff / patron) of the Library System." alt="" coords="527,2101,649,2453">
