<area shape="rect" href="$class_book_type.html#804e9ada584504ceac63d7eeeb9f59cc" title="Copy method. &#160;." alt="" coords="197,208,315,235">
<area shape="rect" href="$class_book_type.html#398bd9cec7f993a346431e2df8802a34" title="Deallocates and sets authors = 0 (NULL). &#160;." alt="" coords="407,5,567,32">
<area shape="rect" href="$class_book_type.html#e3e51cb25cc8504657ab063d1a894c63" title="Get the author at the given index. &#160;." alt="" coords="409,56,564,83">
<area shape="rect" href="$class_book_type.html#aff8e706d33b95d77c41e7553d9f4a9a" title="Get the ISBN of the book. &#160;." alt="" coords="423,107,551,133">
<area shape="rect" href="$class_book_type.html#cfebb527c055ffda32ae187af7ad532e" title="Get the number of authors of the book. &#160;." alt="" coords="383,157,591,184">
<area shape="rect" href="$class_book_type.html#e5605c63d7f7ebfaea1581355c035224" title="Get the number of copies of the book that are owned by the library. &#160;." alt="" coords="363,208,611,235">
<area shape="rect" href="$class_book_type.html#efd446179f5c06b157c1d4089437635b" title="Get the price of the book. &#160;." alt="" coords="419,259,555,285">
<area shape="rect" href="$class_book_type.html#d1a4be246075d525650a18c137da4e84" title="Get the publisher of the book. &#160;." alt="" coords="407,309,567,336">
<area shape="rect" href="$class_book_type.html#c47ad9da4fe22819463968c9c292a43b" title="Get the title of the book. &#160;." alt="" coords="423,360,551,387">
<area shape="rect" href="$class_book_type.html#5af8ffd5e9f0cf426ed51800f93f167f" title="Set the author at the given index. &#160;." alt="" coords="409,411,564,437">
