<area shape="rect" href="$class_binary_search_tree.html" title="{BinarySearchTree\&lt; BookLoan \&gt;\n||+ BinarySearchTree()\l+ BinarySearchTree()\l+ ~BinarySearchTree()\l+ operator=()\l+ search()\l+ getNodeValue()\l+ searchByKey()\l+ replaceNode()\l+ insert()\l+ deleteNode()\l+ inOrderDump()\l+ preOrderDump()\l+ postOrderDump()\l&#45; deleteFromTree()\l&#45; fillVectorInOrder()\l&#45; fillVectorPreOrder()\l&#45; fillVectorPostOrder()\l}" alt="" coords="5,920,211,1256">
<area shape="rect" href="$class_binary_search_tree.html" title="{BinarySearchTree\&lt; BookType \&gt;\n||+ BinarySearchTree()\l+ BinarySearchTree()\l+ ~BinarySearchTree()\l+ operator=()\l+ search()\l+ getNodeValue()\l+ searchByKey()\l+ replaceNode()\l+ insert()\l+ deleteNode()\l+ inOrderDump()\l+ preOrderDump()\l+ postOrderDump()\l&#45; deleteFromTree()\l&#45; fillVectorInOrder()\l&#45; fillVectorPreOrder()\l&#45; fillVectorPostOrder()\l}" alt="" coords="235,920,440,1256">
<area shape="rect" href="$class_simple_binary_tree.html" title="A templated binary tree." alt="" coords="145,5,300,469">
