<area shape="rect" href="$class_lib_system.html#29d13b44220c062fefaa3c549bb58aad" title="Display the details of a given book. &#160;." alt="" coords="259,183,461,209">
<area shape="rect" href="$class_lib_system.html#4bef65115faa1279fc34af8921b17b67" title="Display the given date. &#160;." alt="" coords="280,385,440,412">
<area shape="rect" href="$class_book_loan.html#56413b7fd297ca954a44e8dc68bbf05b" title="Get the ISBN of the book that is loaned. &#160;." alt="" coords="277,436,443,463">
<area shape="rect" href="$class_book_loan.html#236b8466dfe3de11a32fc2f90123c77a" title="Get date the book was borrowed. &#160;." alt="" coords="267,487,453,513">
<area shape="rect" href="$class_book_loan.html#dd37f13390b48f9db2f256e22c35e74b" title="Get the date the book is due back. &#160;." alt="" coords="283,537,437,564">
<area shape="rect" href="$class_binary_search_tree.html#386843c0cda9b8b70a9132d0eae0e41e" title="Get the value of the node found using the given search key (long). &#160;." alt="" coords="253,588,467,615">
<area shape="rect" href="$class_book_loan.html#af42c32ad7861f51e167a80b49b2cce1" title="Get the ID of the patron who borrowed the book. &#160;." alt="" coords="284,639,436,665">
<area shape="rect" href="$class_book_type.html#e3e51cb25cc8504657ab063d1a894c63" title="Get the author at the given index. &#160;." alt="" coords="561,5,716,32">
<area shape="rect" href="$class_book_type.html#aff8e706d33b95d77c41e7553d9f4a9a" title="Get the ISBN of the book. &#160;." alt="" coords="575,56,703,83">
<area shape="rect" href="$class_book_type.html#cfebb527c055ffda32ae187af7ad532e" title="Get the number of authors of the book. &#160;." alt="" coords="535,107,743,133">
<area shape="rect" href="$class_book_type.html#e5605c63d7f7ebfaea1581355c035224" title="Get the number of copies of the book that are owned by the library. &#160;." alt="" coords="515,157,763,184">
<area shape="rect" href="$class_book_type.html#efd446179f5c06b157c1d4089437635b" title="Get the price of the book. &#160;." alt="" coords="571,208,707,235">
<area shape="rect" href="$class_book_type.html#d1a4be246075d525650a18c137da4e84" title="Get the publisher of the book. &#160;." alt="" coords="559,259,719,285">
<area shape="rect" href="$class_book_type.html#c47ad9da4fe22819463968c9c292a43b" title="Get the title of the book. &#160;." alt="" coords="575,309,703,336">
<area shape="rect" href="$class_date.html#5a6d0b1d3760d3cc447c0caf22f31068" title="Get the day of the month (1 &#45; 31) ." alt="" coords="564,360,713,387">
<area shape="rect" href="$class_date.html#a059073408e455c7fcf288d9b8c8f52f" title="Get the month as a string (January &#45; December) ." alt="" coords="573,411,704,437">
<area shape="rect" href="$class_date.html#fd9af627dd2617da9baa066adf552248" title="Get the year ." alt="" coords="587,461,691,488">
