<area shape="rect" href="$class_book_loan.html#f74985c11c53371dcce6dee819573cfe" title="Copy method. &#160;." alt="" coords="281,56,399,83">
<area shape="rect" href="$class_lib_system.html#5467d73421af78ca68adb4850b6dee16" title="Show the details of a given loan. &#160;." alt="" coords="240,157,440,184">
<area shape="rect" href="$class_book_loan.html#7e4b30eba9c01603adbb5a32b33fa358" title="Equality Comparison operator override. &#160;." alt="" coords="265,208,415,235">
<area shape="rect" href="$class_loans_loader.html#cbb37bc3ef9ab34d5c88cc771a6f5a11" title="Save a vector of loans to a text file. ." alt="" coords="257,259,423,285">
<area shape="rect" href="$class_book_loan.html#b730541e7fc5e529dc5c264f050f1bdc" title="Copy constructor. &#160;." alt="" coords="539,5,683,32">
<area shape="rect" href="$class_book_loan.html#04d03e4648e309b3fb4a9667eebf9b99" title="Assignment op override. &#160;." alt="" coords="540,56,681,83">
<area shape="rect" href="$class_lib_system.html#cd88658483e29087bacf0e69042a4c6f" title="Show the menu subsystem for returning book(s). &#160;." alt="" coords="511,107,711,133">
<area shape="rect" href="$class_lib_system.html#5fc7243261c1b6fcb958f01f289658b4" title="Show the menu subsystem for renewing book(s). &#160;." alt="" coords="533,157,688,184">
<area shape="rect" href="$class_lib_system.html#bac7b6ac66f9f76d33d6c7e22d5b9ef8" title="Show the loans for the user who is currently logged into the system. &#160;." alt="" coords="489,208,732,235">
<area shape="rect" href="$class_lib_system.html#6d2e86f74eed0eb80710bb549bbd8a92" title="Respond to the user&#39;s choice of main menu option. &#160;." alt="" coords="783,183,991,209">
<area shape="rect" href="$class_lib_system.html#bcc248ccc9e9953047534ba330a259b9" title="Run the library system. &#160;." alt="" coords="1040,183,1149,209">
<area shape="rect" href="$main_8cpp.html#e66f6b31b5ad750f1fe042a706a4e3d4" title="main" alt="" coords="1199,183,1247,209">
<area shape="rect" href="$class_lib_system.html#0634c63d19fd9bdd39b1ce23fa4bd4d4" title="Save the current state of the system (to text files on the local hard drive). &#160;." alt="" coords="516,259,705,285">
